// Jest Snapshot v1, https://goo.gl/fbAQLP

exports[`placeholder render test 1`] = `
<DocumentFragment>
  <div
    class="pf-v5-c-console__vnc"
  >
    <div>
      <div
        class="pf-v5-c-empty-state"
      >
        <div
          class="pf-v5-c-empty-state__content"
        >
          <div
            class="pf-v5-c-empty-state__header"
          >
            <div
              class="pf-v5-c-empty-state__icon"
            >
              <svg
                aria-hidden="false"
                aria-label="Contents"
                aria-valuetext="Loading..."
                class="pf-v5-c-spinner pf-m-xl"
                role="progressbar"
                viewBox="0 0 100 100"
              >
                <circle
                  class="pf-v5-c-spinner__path"
                  cx="50"
                  cy="50"
                  fill="none"
                  r="45"
                />
              </svg>
            </div>
          </div>
          <div
            class="pf-v5-c-empty-state__body"
          >
            Connecting
          </div>
        </div>
      </div>
      <div />
    </div>
  </div>
</DocumentFragment>
`;
